(((value(DefineType((value(TCon p))(position((start_p(""1 0 5))(end_p(""1 0 6)))))(((value(TId `a))(position((start_p(""1 0 8))(end_p(""1 0 10)))))((value(TId `b))(position((start_p(""1 0 12))(end_p(""1 0 14))))))(DefineRecordType((((value(LId x))(position((start_p(""1 0 20))(end_p(""1 0 21)))))((value(TyVar(TId `a)))(position((start_p(""1 0 24))(end_p(""1 0 26))))))(((value(LId y))(position((start_p(""1 0 28))(end_p(""1 0 29)))))((value(TyVar(TId `b)))(position((start_p(""1 0 32))(end_p(""1 0 34))))))))))(position((start_p(""1 0 0))(end_p(""1 0 36)))))((value(DefineValue(SimpleValue(((value(Id x))(position((start_p(""3 38 42))(end_p(""3 38 43)))))(((value(ForallTy()((value(TyCon(TCon p)(((value(TyCon(TCon int)()))(position((start_p(""3 38 49))(end_p(""3 38 52)))))((value(TyCon(TCon string)()))(position((start_p(""3 38 54))(end_p(""3 38 60))))))))(position((start_p(""3 38 46))(end_p(""3 38 61)))))))(position((start_p(""3 38 45))(end_p(""3 38 61))))))((value(Record((((value(LId x))(position((start_p(""3 38 66))(end_p(""3 38 67)))))((value(Literal((value(LInt 0))(position((start_p(""3 38 70))(end_p(""3 38 71)))))))(position((start_p(""3 38 70))(end_p(""3 38 71))))))(((value(LId y))(position((start_p(""3 38 73))(end_p(""3 38 74)))))((value(Literal((value(LString"River Song"))(position((start_p(""3 38 88))(end_p(""3 38 89)))))))(position((start_p(""3 38 88))(end_p(""3 38 89)))))))((((value(TyCon(TCon int)()))(position((start_p(""3 38 92))(end_p(""3 38 95)))))((value(TyCon(TCon string)()))(position((start_p(""3 38 97))(end_p(""3 38 103)))))))))(position((start_p(""3 38 64))(end_p(""3 38 104)))))))))(position((start_p(""3 38 38))(end_p(""3 38 104))))))
