(((value(DefineType((value(TCon p))(position((start_p(""1 0 5))(end_p(""1 0 6)))))(((value(TId `a))(position((start_p(""1 0 7))(end_p(""1 0 9)))))((value(TId `b))(position((start_p(""1 0 11))(end_p(""1 0 13))))))(DefineSumType((((value(KId P))(position((start_p(""1 0 17))(end_p(""1 0 18)))))(((value(TyVar(TId `a)))(position((start_p(""1 0 19))(end_p(""1 0 21)))))))))))(position((start_p(""1 0 0))(end_p(""1 0 22)))))((value(DefineValue(SimpleValue(((value(Id x))(position((start_p(""3 24 28))(end_p(""3 24 29)))))(((value(ForallTy()((value(TyCon(TCon int)()))(position((start_p(""3 24 32))(end_p(""3 24 35)))))))(position((start_p(""3 24 31))(end_p(""3 24 35))))))((value(Case((value(Tagged((value(KId P))(position((start_p(""3 24 46))(end_p(""3 24 47)))))((((value(TyCon(TCon p)(((value(TyCon(TCon int)()))(position((start_p(""3 24 50))(end_p(""3 24 53)))))((value(TyCon(TCon int)()))(position((start_p(""3 24 55))(end_p(""3 24 58))))))))(position((start_p(""3 24 48))(end_p(""3 24 59)))))((value(TyCon(TCon int)()))(position((start_p(""3 24 61))(end_p(""3 24 64)))))))(((value(Tagged((value(KId P))(position((start_p(""3 24 66))(end_p(""3 24 67)))))((((value(TyCon(TCon int)()))(position((start_p(""3 24 68))(end_p(""3 24 71)))))((value(TyCon(TCon int)()))(position((start_p(""3 24 73))(end_p(""3 24 76)))))))(((value(Literal((value(LInt 22))(position((start_p(""3 24 78))(end_p(""3 24 80)))))))(position((start_p(""3 24 78))(end_p(""3 24 80)))))((value(Literal((value(LInt 44))(position((start_p(""3 24 82))(end_p(""3 24 84)))))))(position((start_p(""3 24 82))(end_p(""3 24 84))))))))(position((start_p(""3 24 66))(end_p(""3 24 85)))))((value(Literal((value(LInt 33))(position((start_p(""3 24 87))(end_p(""3 24 89)))))))(position((start_p(""3 24 87))(end_p(""3 24 89))))))))(position((start_p(""3 24 46))(end_p(""3 24 90)))))(((value(Branch((value(PTaggedValue((value(KId P))(position((start_p(""4 94 96))(end_p(""4 94 97)))))((((value(TyCon(TCon p)(((value(TyCon(TCon int)()))(position((start_p(""4 94 100))(end_p(""4 94 103)))))((value(TyCon(TCon int)()))(position((start_p(""4 94 105))(end_p(""4 94 108))))))))(position((start_p(""4 94 98))(end_p(""4 94 109)))))((value(TyCon(TCon int)()))(position((start_p(""4 94 111))(end_p(""4 94 114)))))))(((value(PTaggedValue((value(KId P))(position((start_p(""4 94 116))(end_p(""4 94 117)))))((((value(TyCon(TCon int)()))(position((start_p(""4 94 118))(end_p(""4 94 121)))))((value(TyCon(TCon int)()))(position((start_p(""4 94 123))(end_p(""4 94 126)))))))(((value(PTypeAnnotation((value(PVariable((value(Id x))(position((start_p(""4 94 129))(end_p(""4 94 130)))))))(position((start_p(""4 94 129))(end_p(""4 94 130)))))((value(TyCon(TCon int)()))(position((start_p(""4 94 133))(end_p(""4 94 136)))))))(position((start_p(""4 94 128))(end_p(""4 94 137)))))((value(PTypeAnnotation((value(PVariable((value(Id y))(position((start_p(""4 94 140))(end_p(""4 94 141)))))))(position((start_p(""4 94 140))(end_p(""4 94 141)))))((value(TyCon(TCon int)()))(position((start_p(""4 94 144))(end_p(""4 94 147)))))))(position((start_p(""4 94 139))(end_p(""4 94 148))))))))(position((start_p(""4 94 116))(end_p(""4 94 149)))))((value(PTypeAnnotation((value PWildcard)(position((start_p(""4 94 152))(end_p(""4 94 153)))))((value(TyCon(TCon int)()))(position((start_p(""4 94 156))(end_p(""4 94 159)))))))(position((start_p(""4 94 151))(end_p(""4 94 160))))))))(position((start_p(""4 94 96))(end_p(""4 94 161)))))((value(Apply((value(Apply((value(Variable((value(Id `+`))(position((start_p(""4 94 167))(end_p(""4 94 168)))))()))(position((start_p(""4 94 167))(end_p(""4 94 168)))))((value(Variable((value(Id x))(position((start_p(""4 94 165))(end_p(""4 94 166)))))()))(position((start_p(""4 94 165))(end_p(""4 94 166)))))))(position((start_p(""4 94 165))(end_p(""4 94 168)))))((value(Variable((value(Id y))(position((start_p(""4 94 169))(end_p(""4 94 170)))))()))(position((start_p(""4 94 169))(end_p(""4 94 170)))))))(position((start_p(""4 94 165))(end_p(""4 94 170)))))))(position((start_p(""4 94 96))(end_p(""4 94 170))))))))(position((start_p(""3 24 38))(end_p(""5 171 172)))))))))(position((start_p(""3 24 24))(end_p(""5 171 172))))))
