(((value(DefineValue(SimpleValue(((value(Id x))(position((start_p(""1 0 4))(end_p(""1 0 5)))))(((value(ForallTy()((value(TyCon(TCon mut)(((value(TyCon(TCon string)()))(position((start_p(""1 0 12))(end_p(""1 0 18))))))))(position((start_p(""1 0 8))(end_p(""1 0 19)))))))(position((start_p(""1 0 7))(end_p(""1 0 19))))))((value(Ref((value(Literal((value(LInt 4))(position((start_p(""1 0 27))(end_p(""1 0 28)))))))(position((start_p(""1 0 26))(end_p(""1 0 29)))))))(position((start_p(""1 0 22))(end_p(""1 0 29)))))))))(position((start_p(""1 0 0))(end_p(""1 0 29)))))((value(DefineValue(SimpleValue(((value(Id main))(position((start_p(""3 31 35))(end_p(""3 31 39)))))(((value(ForallTy()((value(TyCon(TCon int)()))(position((start_p(""3 31 42))(end_p(""3 31 45)))))))(position((start_p(""3 31 41))(end_p(""3 31 45))))))((value(Sequence(((value(For((value(Id i))(position((start_p(""4 48 56))(end_p(""4 48 57)))))((value(Literal((value(LInt 0))(position((start_p(""4 48 62))(end_p(""4 48 63)))))))(position((start_p(""4 48 62))(end_p(""4 48 63)))))((value(Literal((value(LInt 30))(position((start_p(""4 48 67))(end_p(""4 48 69)))))))(position((start_p(""4 48 67))(end_p(""4 48 69)))))((value(Assign((value(Variable((value(Id x))(position((start_p(""5 73 79))(end_p(""5 73 80)))))()))(position((start_p(""5 73 79))(end_p(""5 73 80)))))((value(Apply((value(Apply((value(Variable((value(Id `+`))(position((start_p(""5 73 87))(end_p(""5 73 88)))))()))(position((start_p(""5 73 87))(end_p(""5 73 88)))))((value(Read((value(Variable((value(Id x))(position((start_p(""5 73 85))(end_p(""5 73 86)))))()))(position((start_p(""5 73 85))(end_p(""5 73 86)))))))(position((start_p(""5 73 84))(end_p(""5 73 86)))))))(position((start_p(""5 73 84))(end_p(""5 73 88)))))((value(Literal((value(LInt 1))(position((start_p(""5 73 89))(end_p(""5 73 90)))))))(position((start_p(""5 73 89))(end_p(""5 73 90)))))))(position((start_p(""5 73 84))(end_p(""5 73 90)))))))(position((start_p(""5 73 79))(end_p(""5 73 90)))))))(position((start_p(""4 48 52))(end_p(""6 91 96)))))((value(Read((value(Variable((value(Id x))(position((start_p(""7 98 103))(end_p(""7 98 104)))))()))(position((start_p(""7 98 103))(end_p(""7 98 104)))))))(position((start_p(""7 98 102))(end_p(""7 98 104))))))))(position((start_p(""4 48 52))(end_p(""7 98 104)))))))))(position((start_p(""3 31 31))(end_p(""7 98 104))))))
