(((value(DefineValue(SimpleValue(((value(Id s))(position((start_p(""1 0 4))(end_p(""1 0 5)))))()((value(Tagged((value(KId S))(position((start_p(""1 0 8))(end_p(""1 0 9)))))()(((value(Literal((value(LInt 0))(position((start_p(""1 0 11))(end_p(""1 0 12)))))))(position((start_p(""1 0 11))(end_p(""1 0 12))))))))(position((start_p(""1 0 8))(end_p(""1 0 13)))))))))(position((start_p(""1 0 0))(end_p(""1 0 13)))))((value(DefineValue(SimpleValue(((value(Id test))(position((start_p(""2 14 18))(end_p(""2 14 22)))))()((value(Apply((value(Variable((value(Id print_string))(position((start_p(""2 14 25))(end_p(""2 14 37)))))()))(position((start_p(""2 14 25))(end_p(""2 14 37)))))((value(Literal((value(LString"Construction succeeds.\n"))(position((start_p(""2 14 64))(end_p(""2 14 65)))))))(position((start_p(""2 14 38))(end_p(""2 14 66)))))))(position((start_p(""2 14 25))(end_p(""2 14 66)))))))))(position((start_p(""2 14 14))(end_p(""2 14 66))))))
