(((value(DefineValue(SimpleValue(((value(Id test))(position((start_p(""1 0 4))(end_p(""1 0 8)))))()((value(Define(SimpleValue(((value(Id x))(position((start_p(""2 11 17))(end_p(""2 11 18)))))()((value(Literal((value(LString"This test is OK.\n"))(position((start_p(""2 11 40))(end_p(""2 11 41)))))))(position((start_p(""2 11 40))(end_p(""2 11 41)))))))((value(Apply((value(Variable((value(Id print_string))(position((start_p(""3 43 45))(end_p(""3 43 57)))))()))(position((start_p(""3 43 45))(end_p(""3 43 57)))))((value(Variable((value(Id x))(position((start_p(""3 43 59))(end_p(""3 43 60)))))()))(position((start_p(""3 43 58))(end_p(""3 43 61)))))))(position((start_p(""3 43 45))(end_p(""3 43 61)))))))(position((start_p(""2 11 13))(end_p(""3 43 61)))))))))(position((start_p(""1 0 0))(end_p(""3 43 61))))))
