(((value(DefineValue(SimpleValue(((value(Id first))(position((start_p(""1 0 4))(end_p(""1 0 9)))))()((value(Fun(FunctionDefinition((value(PTuple(((value(PVariable((value(Id x))(position((start_p(""1 0 14))(end_p(""1 0 15)))))))(position((start_p(""1 0 14))(end_p(""1 0 15)))))((value(PVariable((value(Id y))(position((start_p(""1 0 17))(end_p(""1 0 18)))))))(position((start_p(""1 0 17))(end_p(""1 0 18))))))))(position((start_p(""1 0 13))(end_p(""1 0 19)))))((value(Variable((value(Id x))(position((start_p(""1 0 23))(end_p(""1 0 24)))))()))(position((start_p(""1 0 23))(end_p(""1 0 24))))))))(position((start_p(""1 0 12))(end_p(""1 0 24)))))))))(position((start_p(""1 0 0))(end_p(""1 0 24)))))((value(DefineValue(SimpleValue(((value(Id test))(position((start_p(""2 25 29))(end_p(""2 25 33)))))()((value(Sequence(((value(Apply((value(Variable((value(Id print_string))(position((start_p(""3 36 38))(end_p(""3 36 50)))))()))(position((start_p(""3 36 38))(end_p(""3 36 50)))))((value(Literal((value(LString"This test is "))(position((start_p(""3 36 66))(end_p(""3 36 67)))))))(position((start_p(""3 36 51))(end_p(""3 36 68)))))))(position((start_p(""3 36 38))(end_p(""3 36 68)))))((value(Sequence(((value(Apply((value(Variable((value(Id print_string))(position((start_p(""4 70 72))(end_p(""4 70 84)))))()))(position((start_p(""4 70 72))(end_p(""4 70 84)))))((value(Apply((value(Variable((value(Id first))(position((start_p(""4 70 86))(end_p(""4 70 91)))))()))(position((start_p(""4 70 86))(end_p(""4 70 91)))))((value(Tuple(((value(Literal((value(LString OK))(position((start_p(""4 70 96))(end_p(""4 70 97)))))))(position((start_p(""4 70 96))(end_p(""4 70 97)))))((value(Literal((value(LString KO))(position((start_p(""4 70 102))(end_p(""4 70 103)))))))(position((start_p(""4 70 102))(end_p(""4 70 103))))))))(position((start_p(""4 70 92))(end_p(""4 70 104)))))))(position((start_p(""4 70 85))(end_p(""4 70 105)))))))(position((start_p(""4 70 72))(end_p(""4 70 105)))))((value(Apply((value(Variable((value(Id print_string))(position((start_p(""5 107 109))(end_p(""5 107 121)))))()))(position((start_p(""5 107 109))(end_p(""5 107 121)))))((value(Literal((value(LString".\n"))(position((start_p(""5 107 127))(end_p(""5 107 128)))))))(position((start_p(""5 107 122))(end_p(""5 107 129)))))))(position((start_p(""5 107 109))(end_p(""5 107 129))))))))(position((start_p(""4 70 72))(end_p(""5 107 129))))))))(position((start_p(""3 36 38))(end_p(""5 107 129)))))))))(position((start_p(""2 25 25))(end_p(""5 107 129))))))
