(((value(DefineValue(SimpleValue(((value(Id apply))(position((start_p(""1 0 4))(end_p(""1 0 9)))))()((value(Fun(FunctionDefinition((value(PTuple(((value(PVariable((value(Id f))(position((start_p(""1 0 14))(end_p(""1 0 15)))))))(position((start_p(""1 0 14))(end_p(""1 0 15)))))((value(PVariable((value(Id x))(position((start_p(""1 0 17))(end_p(""1 0 18)))))))(position((start_p(""1 0 17))(end_p(""1 0 18))))))))(position((start_p(""1 0 13))(end_p(""1 0 19)))))((value(Apply((value(Variable((value(Id f))(position((start_p(""1 0 23))(end_p(""1 0 24)))))()))(position((start_p(""1 0 23))(end_p(""1 0 24)))))((value(Variable((value(Id x))(position((start_p(""1 0 26))(end_p(""1 0 27)))))()))(position((start_p(""1 0 25))(end_p(""1 0 28)))))))(position((start_p(""1 0 23))(end_p(""1 0 28))))))))(position((start_p(""1 0 12))(end_p(""1 0 28)))))))))(position((start_p(""1 0 0))(end_p(""1 0 28)))))((value(DefineValue(SimpleValue(((value(Id id))(position((start_p(""2 29 33))(end_p(""2 29 35)))))()((value(Fun(FunctionDefinition((value(PVariable((value(Id x))(position((start_p(""2 29 39))(end_p(""2 29 40)))))))(position((start_p(""2 29 39))(end_p(""2 29 40)))))((value(Variable((value(Id x))(position((start_p(""2 29 44))(end_p(""2 29 45)))))()))(position((start_p(""2 29 44))(end_p(""2 29 45))))))))(position((start_p(""2 29 38))(end_p(""2 29 45)))))))))(position((start_p(""2 29 29))(end_p(""2 29 45)))))((value(DefineValue(SimpleValue(((value(Id test))(position((start_p(""3 46 50))(end_p(""3 46 54)))))()((value(Apply((value(Variable((value(Id print_string))(position((start_p(""3 46 57))(end_p(""3 46 69)))))()))(position((start_p(""3 46 57))(end_p(""3 46 69)))))((value(Apply((value(Variable((value(Id apply))(position((start_p(""3 46 71))(end_p(""3 46 76)))))()))(position((start_p(""3 46 71))(end_p(""3 46 76)))))((value(Tuple(((value(Variable((value(Id id))(position((start_p(""3 46 78))(end_p(""3 46 80)))))()))(position((start_p(""3 46 78))(end_p(""3 46 80)))))((value(Literal((value(LString"This test is OK.\n"))(position((start_p(""3 46 101))(end_p(""3 46 102)))))))(position((start_p(""3 46 101))(end_p(""3 46 102))))))))(position((start_p(""3 46 77))(end_p(""3 46 103)))))))(position((start_p(""3 46 70))(end_p(""3 46 104)))))))(position((start_p(""3 46 57))(end_p(""3 46 104)))))))))(position((start_p(""3 46 46))(end_p(""3 46 104))))))
