(((value(DefineValue(SimpleValue(((value(Id test))(position((start_p(""1 0 4))(end_p(""1 0 8)))))()((value(Define(SimpleValue(((value(Id x))(position((start_p(""2 11 19))(end_p(""2 11 20)))))()((value(Ref((value(Literal((value(LInt 5))(position((start_p(""2 11 27))(end_p(""2 11 28)))))))(position((start_p(""2 11 27))(end_p(""2 11 28)))))))(position((start_p(""2 11 23))(end_p(""2 11 28)))))))((value(Define(SimpleValue(((value(Id y))(position((start_p(""3 30 38))(end_p(""3 30 39)))))()((value(Ref((value(Literal((value(LInt 0))(position((start_p(""3 30 46))(end_p(""3 30 47)))))))(position((start_p(""3 30 46))(end_p(""3 30 47)))))))(position((start_p(""3 30 42))(end_p(""3 30 47)))))))((value(Define(SimpleValue(((value(Id z))(position((start_p(""4 49 57))(end_p(""4 49 58)))))()((value(Ref((value(Literal((value(LInt 5))(position((start_p(""4 49 65))(end_p(""4 49 66)))))))(position((start_p(""4 49 65))(end_p(""4 49 66)))))))(position((start_p(""4 49 61))(end_p(""4 49 66)))))))((value(Sequence(((value(While((value(Apply((value(Apply((value(Variable((value(Id `>?`))(position((start_p(""5 68 82))(end_p(""5 68 84)))))()))(position((start_p(""5 68 82))(end_p(""5 68 84)))))((value(Read((value(Variable((value(Id x))(position((start_p(""5 68 80))(end_p(""5 68 81)))))()))(position((start_p(""5 68 80))(end_p(""5 68 81)))))))(position((start_p(""5 68 79))(end_p(""5 68 81)))))))(position((start_p(""5 68 79))(end_p(""5 68 84)))))((value(Literal((value(LInt 0))(position((start_p(""5 68 85))(end_p(""5 68 86)))))))(position((start_p(""5 68 85))(end_p(""5 68 86)))))))(position((start_p(""5 68 79))(end_p(""5 68 86)))))((value(Sequence(((value(Assign((value(Variable((value(Id x))(position((start_p(""6 90 96))(end_p(""6 90 97)))))()))(position((start_p(""6 90 96))(end_p(""6 90 97)))))((value(Apply((value(Apply((value(Variable((value(Id `-`))(position((start_p(""6 90 104))(end_p(""6 90 105)))))()))(position((start_p(""6 90 104))(end_p(""6 90 105)))))((value(Read((value(Variable((value(Id x))(position((start_p(""6 90 102))(end_p(""6 90 103)))))()))(position((start_p(""6 90 102))(end_p(""6 90 103)))))))(position((start_p(""6 90 101))(end_p(""6 90 103)))))))(position((start_p(""6 90 101))(end_p(""6 90 105)))))((value(Literal((value(LInt 1))(position((start_p(""6 90 106))(end_p(""6 90 107)))))))(position((start_p(""6 90 106))(end_p(""6 90 107)))))))(position((start_p(""6 90 101))(end_p(""6 90 107)))))))(position((start_p(""6 90 96))(end_p(""6 90 107)))))((value(Sequence(((value(While((value(Apply((value(Apply((value(Variable((value(Id `>?`))(position((start_p(""7 109 125))(end_p(""7 109 127)))))()))(position((start_p(""7 109 125))(end_p(""7 109 127)))))((value(Read((value(Variable((value(Id z))(position((start_p(""7 109 123))(end_p(""7 109 124)))))()))(position((start_p(""7 109 123))(end_p(""7 109 124)))))))(position((start_p(""7 109 122))(end_p(""7 109 124)))))))(position((start_p(""7 109 122))(end_p(""7 109 127)))))((value(Literal((value(LInt 0))(position((start_p(""7 109 128))(end_p(""7 109 129)))))))(position((start_p(""7 109 128))(end_p(""7 109 129)))))))(position((start_p(""7 109 122))(end_p(""7 109 129)))))((value(Sequence(((value(Assign((value(Variable((value(Id y))(position((start_p(""8 133 141))(end_p(""8 133 142)))))()))(position((start_p(""8 133 141))(end_p(""8 133 142)))))((value(Apply((value(Apply((value(Variable((value(Id `+`))(position((start_p(""8 133 149))(end_p(""8 133 150)))))()))(position((start_p(""8 133 149))(end_p(""8 133 150)))))((value(Read((value(Variable((value(Id y))(position((start_p(""8 133 147))(end_p(""8 133 148)))))()))(position((start_p(""8 133 147))(end_p(""8 133 148)))))))(position((start_p(""8 133 146))(end_p(""8 133 148)))))))(position((start_p(""8 133 146))(end_p(""8 133 150)))))((value(Literal((value(LInt 1))(position((start_p(""8 133 151))(end_p(""8 133 152)))))))(position((start_p(""8 133 151))(end_p(""8 133 152)))))))(position((start_p(""8 133 146))(end_p(""8 133 152)))))))(position((start_p(""8 133 141))(end_p(""8 133 152)))))((value(Assign((value(Variable((value(Id z))(position((start_p(""9 154 155))(end_p(""9 154 156)))))()))(position((start_p(""9 154 155))(end_p(""9 154 156)))))((value(Apply((value(Apply((value(Variable((value(Id `-`))(position((start_p(""9 154 163))(end_p(""9 154 164)))))()))(position((start_p(""9 154 163))(end_p(""9 154 164)))))((value(Read((value(Variable((value(Id z))(position((start_p(""9 154 161))(end_p(""9 154 162)))))()))(position((start_p(""9 154 161))(end_p(""9 154 162)))))))(position((start_p(""9 154 160))(end_p(""9 154 162)))))))(position((start_p(""9 154 160))(end_p(""9 154 164)))))((value(Literal((value(LInt 1))(position((start_p(""9 154 165))(end_p(""9 154 166)))))))(position((start_p(""9 154 165))(end_p(""9 154 166)))))))(position((start_p(""9 154 160))(end_p(""9 154 166)))))))(position((start_p(""9 154 155))(end_p(""9 154 166))))))))(position((start_p(""8 133 141))(end_p(""9 154 166)))))))(position((start_p(""7 109 115))(end_p(""10 167 174)))))((value(Assign((value(Variable((value(Id y))(position((start_p(""11 176 182))(end_p(""11 176 183)))))()))(position((start_p(""11 176 182))(end_p(""11 176 183)))))((value(Apply((value(Apply((value(Variable((value(Id `+`))(position((start_p(""11 176 190))(end_p(""11 176 191)))))()))(position((start_p(""11 176 190))(end_p(""11 176 191)))))((value(Read((value(Variable((value(Id y))(position((start_p(""11 176 188))(end_p(""11 176 189)))))()))(position((start_p(""11 176 188))(end_p(""11 176 189)))))))(position((start_p(""11 176 187))(end_p(""11 176 189)))))))(position((start_p(""11 176 187))(end_p(""11 176 191)))))((value(Literal((value(LInt 1))(position((start_p(""11 176 192))(end_p(""11 176 193)))))))(position((start_p(""11 176 192))(end_p(""11 176 193)))))))(position((start_p(""11 176 187))(end_p(""11 176 193)))))))(position((start_p(""11 176 182))(end_p(""11 176 193))))))))(position((start_p(""7 109 115))(end_p(""11 176 193))))))))(position((start_p(""6 90 96))(end_p(""11 176 193)))))))(position((start_p(""5 68 72))(end_p(""12 194 199)))))((value(IfThenElse((value(Apply((value(Apply((value(Variable((value(Id `=?`))(position((start_p(""13 201 212))(end_p(""13 201 214)))))()))(position((start_p(""13 201 212))(end_p(""13 201 214)))))((value(Read((value(Variable((value(Id y))(position((start_p(""13 201 210))(end_p(""13 201 211)))))()))(position((start_p(""13 201 210))(end_p(""13 201 211)))))))(position((start_p(""13 201 209))(end_p(""13 201 211)))))))(position((start_p(""13 201 209))(end_p(""13 201 214)))))((value(Literal((value(LInt 10))(position((start_p(""13 201 215))(end_p(""13 201 217)))))))(position((start_p(""13 201 215))(end_p(""13 201 217)))))))(position((start_p(""13 201 209))(end_p(""13 201 217)))))((value(Apply((value(Variable((value(Id print_string))(position((start_p(""14 221 227))(end_p(""14 221 239)))))()))(position((start_p(""14 221 227))(end_p(""14 221 239)))))((value(Literal((value(LString"This test is OK!\n"))(position((start_p(""14 221 260))(end_p(""14 221 261)))))))(position((start_p(""14 221 240))(end_p(""14 221 262)))))))(position((start_p(""14 221 227))(end_p(""14 221 262)))))((value(Apply((value(Variable((value(Id print_string))(position((start_p(""16 276 282))(end_p(""16 276 294)))))()))(position((start_p(""16 276 282))(end_p(""16 276 294)))))((value(Literal((value(LString"This is KO!\n"))(position((start_p(""16 276 310))(end_p(""16 276 311)))))))(position((start_p(""16 276 295))(end_p(""16 276 312)))))))(position((start_p(""16 276 282))(end_p(""16 276 312)))))))(position((start_p(""13 201 205))(end_p(""17 313 318))))))))(position((start_p(""5 68 72))(end_p(""17 313 318)))))))(position((start_p(""4 49 53))(end_p(""17 313 318)))))))(position((start_p(""3 30 34))(end_p(""17 313 318)))))))(position((start_p(""2 11 15))(end_p(""17 313 318)))))))))(position((start_p(""1 0 0))(end_p(""17 313 318))))))
