(((value(DefineValue(RecFunctions((((value(Id concat))(position((start_p(""1 0 4))(end_p(""1 0 10)))))()(FunctionDefinition((value(PTuple(((value(PVariable((value(Id l1))(position((start_p(""1 0 12))(end_p(""1 0 14)))))))(position((start_p(""1 0 12))(end_p(""1 0 14)))))((value(PVariable((value(Id l2))(position((start_p(""1 0 16))(end_p(""1 0 18)))))))(position((start_p(""1 0 16))(end_p(""1 0 18))))))))(position((start_p(""1 0 11))(end_p(""1 0 19)))))((value(Case((value(Variable((value(Id l1))(position((start_p(""2 22 32))(end_p(""2 22 34)))))()))(position((start_p(""2 22 32))(end_p(""2 22 34)))))(((value(Branch((value(PTaggedValue((value(KId N))(position((start_p(""3 38 42))(end_p(""3 38 43)))))()()))(position((start_p(""3 38 42))(end_p(""3 38 43)))))((value(Variable((value(Id l2))(position((start_p(""3 38 47))(end_p(""3 38 49)))))()))(position((start_p(""3 38 47))(end_p(""3 38 49)))))))(position((start_p(""3 38 42))(end_p(""3 38 49)))))((value(Branch((value(PTaggedValue((value(KId C))(position((start_p(""4 50 54))(end_p(""4 50 55)))))()(((value(PVariable((value(Id x))(position((start_p(""4 50 57))(end_p(""4 50 58)))))))(position((start_p(""4 50 57))(end_p(""4 50 58)))))((value(PVariable((value(Id xs))(position((start_p(""4 50 60))(end_p(""4 50 62)))))))(position((start_p(""4 50 60))(end_p(""4 50 62))))))))(position((start_p(""4 50 54))(end_p(""4 50 63)))))((value(Tagged((value(KId C))(position((start_p(""4 50 67))(end_p(""4 50 68)))))()(((value(Variable((value(Id x))(position((start_p(""4 50 70))(end_p(""4 50 71)))))()))(position((start_p(""4 50 70))(end_p(""4 50 71)))))((value(Apply((value(Variable((value(Id concat))(position((start_p(""4 50 73))(end_p(""4 50 79)))))()))(position((start_p(""4 50 73))(end_p(""4 50 79)))))((value(Tuple(((value(Variable((value(Id xs))(position((start_p(""4 50 81))(end_p(""4 50 83)))))()))(position((start_p(""4 50 81))(end_p(""4 50 83)))))((value(Variable((value(Id l2))(position((start_p(""4 50 85))(end_p(""4 50 87)))))()))(position((start_p(""4 50 85))(end_p(""4 50 87))))))))(position((start_p(""4 50 80))(end_p(""4 50 88)))))))(position((start_p(""4 50 73))(end_p(""4 50 88))))))))(position((start_p(""4 50 67))(end_p(""4 50 89)))))))(position((start_p(""4 50 54))(end_p(""4 50 89))))))))(position((start_p(""2 22 24))(end_p(""5 90 93)))))))))))(position((start_p(""1 0 0))(end_p(""5 90 93)))))((value(DefineValue(SimpleValue(((value(Id l))(position((start_p(""7 95 99))(end_p(""7 95 100)))))()((value(Tagged((value(KId C))(position((start_p(""7 95 103))(end_p(""7 95 104)))))()(((value(Literal((value(LInt 1))(position((start_p(""7 95 106))(end_p(""7 95 107)))))))(position((start_p(""7 95 106))(end_p(""7 95 107)))))((value(Tagged((value(KId C))(position((start_p(""7 95 109))(end_p(""7 95 110)))))()(((value(Literal((value(LInt 2))(position((start_p(""7 95 112))(end_p(""7 95 113)))))))(position((start_p(""7 95 112))(end_p(""7 95 113)))))((value(Tagged((value(KId N))(position((start_p(""7 95 115))(end_p(""7 95 116)))))()()))(position((start_p(""7 95 115))(end_p(""7 95 116))))))))(position((start_p(""7 95 109))(end_p(""7 95 117))))))))(position((start_p(""7 95 103))(end_p(""7 95 118)))))))))(position((start_p(""7 95 95))(end_p(""7 95 118)))))((value(DefineValue(SimpleValue(((value(Id l))(position((start_p(""8 119 123))(end_p(""8 119 124)))))()((value(Apply((value(Variable((value(Id concat))(position((start_p(""8 119 127))(end_p(""8 119 133)))))()))(position((start_p(""8 119 127))(end_p(""8 119 133)))))((value(Tuple(((value(Variable((value(Id l))(position((start_p(""8 119 135))(end_p(""8 119 136)))))()))(position((start_p(""8 119 135))(end_p(""8 119 136)))))((value(Variable((value(Id l))(position((start_p(""8 119 138))(end_p(""8 119 139)))))()))(position((start_p(""8 119 138))(end_p(""8 119 139))))))))(position((start_p(""8 119 134))(end_p(""8 119 140)))))))(position((start_p(""8 119 127))(end_p(""8 119 140)))))))))(position((start_p(""8 119 119))(end_p(""8 119 140)))))((value(DefineValue(SimpleValue(((value(Id l))(position((start_p(""9 141 145))(end_p(""9 141 146)))))()((value(Apply((value(Variable((value(Id concat))(position((start_p(""9 141 149))(end_p(""9 141 155)))))()))(position((start_p(""9 141 149))(end_p(""9 141 155)))))((value(Tuple(((value(Variable((value(Id l))(position((start_p(""9 141 157))(end_p(""9 141 158)))))()))(position((start_p(""9 141 157))(end_p(""9 141 158)))))((value(Variable((value(Id l))(position((start_p(""9 141 160))(end_p(""9 141 161)))))()))(position((start_p(""9 141 160))(end_p(""9 141 161))))))))(position((start_p(""9 141 156))(end_p(""9 141 162)))))))(position((start_p(""9 141 149))(end_p(""9 141 162)))))))))(position((start_p(""9 141 141))(end_p(""9 141 162)))))((value(DefineValue(SimpleValue(((value(Id l))(position((start_p(""10 163 167))(end_p(""10 163 168)))))()((value(Apply((value(Variable((value(Id concat))(position((start_p(""10 163 171))(end_p(""10 163 177)))))()))(position((start_p(""10 163 171))(end_p(""10 163 177)))))((value(Tuple(((value(Variable((value(Id l))(position((start_p(""10 163 179))(end_p(""10 163 180)))))()))(position((start_p(""10 163 179))(end_p(""10 163 180)))))((value(Variable((value(Id l))(position((start_p(""10 163 182))(end_p(""10 163 183)))))()))(position((start_p(""10 163 182))(end_p(""10 163 183))))))))(position((start_p(""10 163 178))(end_p(""10 163 184)))))))(position((start_p(""10 163 171))(end_p(""10 163 184)))))))))(position((start_p(""10 163 163))(end_p(""10 163 184)))))((value(DefineValue(SimpleValue(((value(Id l))(position((start_p(""11 185 189))(end_p(""11 185 190)))))()((value(Apply((value(Variable((value(Id concat))(position((start_p(""11 185 193))(end_p(""11 185 199)))))()))(position((start_p(""11 185 193))(end_p(""11 185 199)))))((value(Tuple(((value(Variable((value(Id l))(position((start_p(""11 185 201))(end_p(""11 185 202)))))()))(position((start_p(""11 185 201))(end_p(""11 185 202)))))((value(Variable((value(Id l))(position((start_p(""11 185 204))(end_p(""11 185 205)))))()))(position((start_p(""11 185 204))(end_p(""11 185 205))))))))(position((start_p(""11 185 200))(end_p(""11 185 206)))))))(position((start_p(""11 185 193))(end_p(""11 185 206)))))))))(position((start_p(""11 185 185))(end_p(""11 185 206)))))((value(DefineValue(SimpleValue(((value(Id l))(position((start_p(""12 207 211))(end_p(""12 207 212)))))()((value(Apply((value(Variable((value(Id concat))(position((start_p(""12 207 215))(end_p(""12 207 221)))))()))(position((start_p(""12 207 215))(end_p(""12 207 221)))))((value(Tuple(((value(Variable((value(Id l))(position((start_p(""12 207 223))(end_p(""12 207 224)))))()))(position((start_p(""12 207 223))(end_p(""12 207 224)))))((value(Variable((value(Id l))(position((start_p(""12 207 226))(end_p(""12 207 227)))))()))(position((start_p(""12 207 226))(end_p(""12 207 227))))))))(position((start_p(""12 207 222))(end_p(""12 207 228)))))))(position((start_p(""12 207 215))(end_p(""12 207 228)))))))))(position((start_p(""12 207 207))(end_p(""12 207 228)))))((value(DefineValue(SimpleValue(((value(Id l))(position((start_p(""13 229 233))(end_p(""13 229 234)))))()((value(Apply((value(Variable((value(Id concat))(position((start_p(""13 229 237))(end_p(""13 229 243)))))()))(position((start_p(""13 229 237))(end_p(""13 229 243)))))((value(Tuple(((value(Variable((value(Id l))(position((start_p(""13 229 245))(end_p(""13 229 246)))))()))(position((start_p(""13 229 245))(end_p(""13 229 246)))))((value(Variable((value(Id l))(position((start_p(""13 229 248))(end_p(""13 229 249)))))()))(position((start_p(""13 229 248))(end_p(""13 229 249))))))))(position((start_p(""13 229 244))(end_p(""13 229 250)))))))(position((start_p(""13 229 237))(end_p(""13 229 250)))))))))(position((start_p(""13 229 229))(end_p(""13 229 250)))))((value(DefineValue(RecFunctions((((value(Id len))(position((start_p(""15 252 256))(end_p(""15 252 259)))))()(FunctionDefinition((value(PVariable((value(Id l))(position((start_p(""15 252 261))(end_p(""15 252 262)))))))(position((start_p(""15 252 260))(end_p(""15 252 263)))))((value(Case((value(Variable((value(Id l))(position((start_p(""16 266 276))(end_p(""16 266 277)))))()))(position((start_p(""16 266 276))(end_p(""16 266 277)))))(((value(Branch((value(PTaggedValue((value(KId N))(position((start_p(""17 281 285))(end_p(""17 281 286)))))()()))(position((start_p(""17 281 285))(end_p(""17 281 286)))))((value(Literal((value(LInt 0))(position((start_p(""17 281 290))(end_p(""17 281 291)))))))(position((start_p(""17 281 290))(end_p(""17 281 291)))))))(position((start_p(""17 281 285))(end_p(""17 281 291)))))((value(Branch((value(PTaggedValue((value(KId C))(position((start_p(""18 292 296))(end_p(""18 292 297)))))()(((value(PVariable((value(Id x))(position((start_p(""18 292 299))(end_p(""18 292 300)))))))(position((start_p(""18 292 299))(end_p(""18 292 300)))))((value(PVariable((value(Id xs))(position((start_p(""18 292 302))(end_p(""18 292 304)))))))(position((start_p(""18 292 302))(end_p(""18 292 304))))))))(position((start_p(""18 292 296))(end_p(""18 292 305)))))((value(Apply((value(Apply((value(Variable((value(Id `+`))(position((start_p(""18 292 311))(end_p(""18 292 312)))))()))(position((start_p(""18 292 311))(end_p(""18 292 312)))))((value(Literal((value(LInt 1))(position((start_p(""18 292 309))(end_p(""18 292 310)))))))(position((start_p(""18 292 309))(end_p(""18 292 310)))))))(position((start_p(""18 292 309))(end_p(""18 292 312)))))((value(Apply((value(Variable((value(Id len))(position((start_p(""18 292 313))(end_p(""18 292 316)))))()))(position((start_p(""18 292 313))(end_p(""18 292 316)))))((value(Variable((value(Id xs))(position((start_p(""18 292 318))(end_p(""18 292 320)))))()))(position((start_p(""18 292 317))(end_p(""18 292 321)))))))(position((start_p(""18 292 313))(end_p(""18 292 321)))))))(position((start_p(""18 292 309))(end_p(""18 292 321)))))))(position((start_p(""18 292 296))(end_p(""18 292 321))))))))(position((start_p(""16 266 268))(end_p(""19 322 325)))))))))))(position((start_p(""15 252 252))(end_p(""19 322 325)))))((value(DefineValue(RecFunctions((((value(Id sorted))(position((start_p(""21 327 331))(end_p(""21 327 337)))))()(FunctionDefinition((value(PVariable((value(Id l))(position((start_p(""21 327 339))(end_p(""21 327 340)))))))(position((start_p(""21 327 338))(end_p(""21 327 341)))))((value(Case((value(Variable((value(Id l))(position((start_p(""22 344 354))(end_p(""22 344 355)))))()))(position((start_p(""22 344 354))(end_p(""22 344 355)))))(((value(Branch((value(POr(((value(PTaggedValue((value(KId N))(position((start_p(""23 359 363))(end_p(""23 359 364)))))()()))(position((start_p(""23 359 363))(end_p(""23 359 364)))))((value(PTaggedValue((value(KId C))(position((start_p(""23 359 367))(end_p(""23 359 368)))))()(((value PWildcard)(position((start_p(""23 359 370))(end_p(""23 359 371)))))((value(PTaggedValue((value(KId N))(position((start_p(""23 359 373))(end_p(""23 359 374)))))()()))(position((start_p(""23 359 373))(end_p(""23 359 374))))))))(position((start_p(""23 359 367))(end_p(""23 359 375))))))))(position((start_p(""23 359 363))(end_p(""23 359 375)))))((value(Variable((value(Id true))(position((start_p(""23 359 379))(end_p(""23 359 383)))))()))(position((start_p(""23 359 379))(end_p(""23 359 383)))))))(position((start_p(""23 359 363))(end_p(""23 359 383)))))((value(Branch((value(PTaggedValue((value(KId C))(position((start_p(""24 384 388))(end_p(""24 384 389)))))()(((value(PVariable((value(Id x))(position((start_p(""24 384 391))(end_p(""24 384 392)))))))(position((start_p(""24 384 391))(end_p(""24 384 392)))))((value(PAnd(((value(PTaggedValue((value(KId C))(position((start_p(""24 384 394))(end_p(""24 384 395)))))()(((value(PVariable((value(Id y))(position((start_p(""24 384 397))(end_p(""24 384 398)))))))(position((start_p(""24 384 397))(end_p(""24 384 398)))))((value PWildcard)(position((start_p(""24 384 400))(end_p(""24 384 401))))))))(position((start_p(""24 384 394))(end_p(""24 384 402)))))((value(PVariable((value(Id l))(position((start_p(""24 384 405))(end_p(""24 384 406)))))))(position((start_p(""24 384 405))(end_p(""24 384 406))))))))(position((start_p(""24 384 394))(end_p(""24 384 406))))))))(position((start_p(""24 384 388))(end_p(""24 384 407)))))((value(Apply((value(Apply((value(Variable((value(Id `&&`))(position((start_p(""24 384 419))(end_p(""24 384 421)))))()))(position((start_p(""24 384 419))(end_p(""24 384 421)))))((value(Apply((value(Apply((value(Variable((value(Id `<=?`))(position((start_p(""24 384 413))(end_p(""24 384 416)))))()))(position((start_p(""24 384 413))(end_p(""24 384 416)))))((value(Variable((value(Id x))(position((start_p(""24 384 411))(end_p(""24 384 412)))))()))(position((start_p(""24 384 411))(end_p(""24 384 412)))))))(position((start_p(""24 384 411))(end_p(""24 384 416)))))((value(Variable((value(Id y))(position((start_p(""24 384 417))(end_p(""24 384 418)))))()))(position((start_p(""24 384 417))(end_p(""24 384 418)))))))(position((start_p(""24 384 411))(end_p(""24 384 418)))))))(position((start_p(""24 384 411))(end_p(""24 384 421)))))((value(Apply((value(Variable((value(Id sorted))(position((start_p(""24 384 422))(end_p(""24 384 428)))))()))(position((start_p(""24 384 422))(end_p(""24 384 428)))))((value(Variable((value(Id l))(position((start_p(""24 384 430))(end_p(""24 384 431)))))()))(position((start_p(""24 384 429))(end_p(""24 384 432)))))))(position((start_p(""24 384 422))(end_p(""24 384 432)))))))(position((start_p(""24 384 411))(end_p(""24 384 432)))))))(position((start_p(""24 384 388))(end_p(""24 384 432))))))))(position((start_p(""22 344 346))(end_p(""25 433 436)))))))))))(position((start_p(""21 327 327))(end_p(""25 433 436)))))((value(DefineValue(SimpleValue(((value(Id l2))(position((start_p(""27 438 442))(end_p(""27 438 444)))))()((value(Tagged((value(KId C))(position((start_p(""27 438 447))(end_p(""27 438 448)))))()(((value(Literal((value(LInt 1))(position((start_p(""27 438 450))(end_p(""27 438 451)))))))(position((start_p(""27 438 450))(end_p(""27 438 451)))))((value(Tagged((value(KId C))(position((start_p(""27 438 453))(end_p(""27 438 454)))))()(((value(Literal((value(LInt 2))(position((start_p(""27 438 456))(end_p(""27 438 457)))))))(position((start_p(""27 438 456))(end_p(""27 438 457)))))((value(Tagged((value(KId C))(position((start_p(""27 438 459))(end_p(""27 438 460)))))()(((value(Literal((value(LInt 6))(position((start_p(""27 438 462))(end_p(""27 438 463)))))))(position((start_p(""27 438 462))(end_p(""27 438 463)))))((value(Tagged((value(KId C))(position((start_p(""27 438 465))(end_p(""27 438 466)))))()(((value(Literal((value(LInt 7))(position((start_p(""27 438 468))(end_p(""27 438 469)))))))(position((start_p(""27 438 468))(end_p(""27 438 469)))))((value(Tagged((value(KId N))(position((start_p(""27 438 471))(end_p(""27 438 472)))))()()))(position((start_p(""27 438 471))(end_p(""27 438 472))))))))(position((start_p(""27 438 465))(end_p(""27 438 473))))))))(position((start_p(""27 438 459))(end_p(""27 438 474))))))))(position((start_p(""27 438 453))(end_p(""27 438 475))))))))(position((start_p(""27 438 447))(end_p(""27 438 476)))))))))(position((start_p(""27 438 438))(end_p(""27 438 476)))))((value(DefineValue(SimpleValue(((value(Id l3))(position((start_p(""29 478 482))(end_p(""29 478 484)))))()((value(Tagged((value(KId C))(position((start_p(""29 478 487))(end_p(""29 478 488)))))()(((value(Literal((value(LInt -1))(position((start_p(""29 478 490))(end_p(""29 478 492)))))))(position((start_p(""29 478 490))(end_p(""29 478 492)))))((value(Tagged((value(KId C))(position((start_p(""29 478 494))(end_p(""29 478 495)))))()(((value(Literal((value(LInt 2))(position((start_p(""29 478 497))(end_p(""29 478 498)))))))(position((start_p(""29 478 497))(end_p(""29 478 498)))))((value(Tagged((value(KId C))(position((start_p(""29 478 500))(end_p(""29 478 501)))))()(((value(Literal((value(LInt 6))(position((start_p(""29 478 503))(end_p(""29 478 504)))))))(position((start_p(""29 478 503))(end_p(""29 478 504)))))((value(Tagged((value(KId C))(position((start_p(""29 478 506))(end_p(""29 478 507)))))()(((value(Literal((value(LInt 70))(position((start_p(""29 478 509))(end_p(""29 478 511)))))))(position((start_p(""29 478 509))(end_p(""29 478 511)))))((value(Tagged((value(KId N))(position((start_p(""29 478 513))(end_p(""29 478 514)))))()()))(position((start_p(""29 478 513))(end_p(""29 478 514))))))))(position((start_p(""29 478 506))(end_p(""29 478 515))))))))(position((start_p(""29 478 500))(end_p(""29 478 516))))))))(position((start_p(""29 478 494))(end_p(""29 478 517))))))))(position((start_p(""29 478 487))(end_p(""29 478 518)))))))))(position((start_p(""29 478 478))(end_p(""29 478 518)))))((value(DefineValue(SimpleValue(((value(Id l4))(position((start_p(""31 520 524))(end_p(""31 520 526)))))()((value(Tagged((value(KId C))(position((start_p(""31 520 529))(end_p(""31 520 530)))))()(((value(Literal((value(LInt -1))(position((start_p(""31 520 532))(end_p(""31 520 534)))))))(position((start_p(""31 520 532))(end_p(""31 520 534)))))((value(Tagged((value(KId C))(position((start_p(""31 520 536))(end_p(""31 520 537)))))()(((value(Literal((value(LInt 20))(position((start_p(""31 520 539))(end_p(""31 520 541)))))))(position((start_p(""31 520 539))(end_p(""31 520 541)))))((value(Tagged((value(KId C))(position((start_p(""31 520 543))(end_p(""31 520 544)))))()(((value(Literal((value(LInt 6))(position((start_p(""31 520 546))(end_p(""31 520 547)))))))(position((start_p(""31 520 546))(end_p(""31 520 547)))))((value(Tagged((value(KId C))(position((start_p(""31 520 549))(end_p(""31 520 550)))))()(((value(Literal((value(LInt 70))(position((start_p(""31 520 552))(end_p(""31 520 554)))))))(position((start_p(""31 520 552))(end_p(""31 520 554)))))((value(Tagged((value(KId N))(position((start_p(""31 520 556))(end_p(""31 520 557)))))()()))(position((start_p(""31 520 556))(end_p(""31 520 557))))))))(position((start_p(""31 520 549))(end_p(""31 520 558))))))))(position((start_p(""31 520 543))(end_p(""31 520 559))))))))(position((start_p(""31 520 536))(end_p(""31 520 560))))))))(position((start_p(""31 520 529))(end_p(""31 520 561)))))))))(position((start_p(""31 520 520))(end_p(""31 520 561)))))((value(DefineValue(RecFunctions((((value(Id not))(position((start_p(""33 563 567))(end_p(""33 563 570)))))()(FunctionDefinition((value(PVariable((value(Id b))(position((start_p(""33 563 572))(end_p(""33 563 573)))))))(position((start_p(""33 563 571))(end_p(""33 563 574)))))((value(IfThenElse((value(Variable((value(Id b))(position((start_p(""33 563 581))(end_p(""33 563 582)))))()))(position((start_p(""33 563 581))(end_p(""33 563 582)))))((value(Variable((value(Id false))(position((start_p(""33 563 586))(end_p(""33 563 591)))))()))(position((start_p(""33 563 586))(end_p(""33 563 591)))))((value(Variable((value(Id true))(position((start_p(""33 563 601))(end_p(""33 563 605)))))()))(position((start_p(""33 563 601))(end_p(""33 563 605)))))))(position((start_p(""33 563 577))(end_p(""33 563 607)))))))))))(position((start_p(""33 563 563))(end_p(""33 563 607)))))((value(DefineValue(RecFunctions((((value(Id sort))(position((start_p(""35 609 613))(end_p(""35 609 617)))))()(FunctionDefinition((value(PVariable((value(Id l))(position((start_p(""35 609 619))(end_p(""35 609 620)))))))(position((start_p(""35 609 618))(end_p(""35 609 621)))))((value(Case((value(Variable((value(Id l))(position((start_p(""36 624 636))(end_p(""36 624 637)))))()))(position((start_p(""36 624 636))(end_p(""36 624 637)))))(((value(Branch((value(PTaggedValue((value(KId N))(position((start_p(""37 641 647))(end_p(""37 641 648)))))()()))(position((start_p(""37 641 647))(end_p(""37 641 648)))))((value(Tagged((value(KId N))(position((start_p(""37 641 652))(end_p(""37 641 653)))))()()))(position((start_p(""37 641 652))(end_p(""37 641 653)))))))(position((start_p(""37 641 647))(end_p(""37 641 653)))))((value(Branch((value(PTaggedValue((value(KId C))(position((start_p(""38 654 660))(end_p(""38 654 661)))))()(((value(PVariable((value(Id x))(position((start_p(""38 654 663))(end_p(""38 654 664)))))))(position((start_p(""38 654 663))(end_p(""38 654 664)))))((value(PVariable((value(Id xs))(position((start_p(""38 654 666))(end_p(""38 654 668)))))))(position((start_p(""38 654 666))(end_p(""38 654 668))))))))(position((start_p(""38 654 660))(end_p(""38 654 669)))))((value(Case((value(Apply((value(Variable((value(Id pivot))(position((start_p(""38 654 681))(end_p(""38 654 686)))))()))(position((start_p(""38 654 681))(end_p(""38 654 686)))))((value(Tuple(((value(Variable((value(Id x))(position((start_p(""38 654 688))(end_p(""38 654 689)))))()))(position((start_p(""38 654 688))(end_p(""38 654 689)))))((value(Variable((value(Id xs))(position((start_p(""38 654 691))(end_p(""38 654 693)))))()))(position((start_p(""38 654 691))(end_p(""38 654 693))))))))(position((start_p(""38 654 687))(end_p(""38 654 694)))))))(position((start_p(""38 654 681))(end_p(""38 654 694)))))(((value(Branch((value(PTuple(((value(PVariable((value(Id l1))(position((start_p(""39 698 707))(end_p(""39 698 709)))))))(position((start_p(""39 698 707))(end_p(""39 698 709)))))((value(PVariable((value(Id l2))(position((start_p(""39 698 711))(end_p(""39 698 713)))))))(position((start_p(""39 698 711))(end_p(""39 698 713))))))))(position((start_p(""39 698 706))(end_p(""39 698 714)))))((value(Define(SimpleValue(((value(Id l1))(position((start_p(""40 718 730))(end_p(""40 718 732)))))()((value(Apply((value(Variable((value(Id sort))(position((start_p(""40 718 735))(end_p(""40 718 739)))))()))(position((start_p(""40 718 735))(end_p(""40 718 739)))))((value(Variable((value(Id l1))(position((start_p(""40 718 741))(end_p(""40 718 743)))))()))(position((start_p(""40 718 740))(end_p(""40 718 744)))))))(position((start_p(""40 718 735))(end_p(""40 718 744)))))))((value(Define(SimpleValue(((value(Id l2))(position((start_p(""41 746 751))(end_p(""41 746 753)))))()((value(Apply((value(Variable((value(Id sort))(position((start_p(""41 746 756))(end_p(""41 746 760)))))()))(position((start_p(""41 746 756))(end_p(""41 746 760)))))((value(Variable((value(Id l2))(position((start_p(""41 746 762))(end_p(""41 746 764)))))()))(position((start_p(""41 746 761))(end_p(""41 746 765)))))))(position((start_p(""41 746 756))(end_p(""41 746 765)))))))((value(Apply((value(Variable((value(Id concat))(position((start_p(""42 767 775))(end_p(""42 767 781)))))()))(position((start_p(""42 767 775))(end_p(""42 767 781)))))((value(Tuple(((value(Variable((value(Id l1))(position((start_p(""42 767 783))(end_p(""42 767 785)))))()))(position((start_p(""42 767 783))(end_p(""42 767 785)))))((value(Tagged((value(KId C))(position((start_p(""42 767 787))(end_p(""42 767 788)))))()(((value(Variable((value(Id x))(position((start_p(""42 767 790))(end_p(""42 767 791)))))()))(position((start_p(""42 767 790))(end_p(""42 767 791)))))((value(Variable((value(Id l2))(position((start_p(""42 767 793))(end_p(""42 767 795)))))()))(position((start_p(""42 767 793))(end_p(""42 767 795))))))))(position((start_p(""42 767 787))(end_p(""42 767 796))))))))(position((start_p(""42 767 782))(end_p(""42 767 797)))))))(position((start_p(""42 767 775))(end_p(""42 767 797)))))))(position((start_p(""41 746 747))(end_p(""42 767 797)))))))(position((start_p(""40 718 726))(end_p(""42 767 797)))))))(position((start_p(""39 698 706))(end_p(""42 767 797))))))))(position((start_p(""38 654 673))(end_p(""43 798 805)))))))(position((start_p(""38 654 660))(end_p(""43 798 805))))))))(position((start_p(""36 624 628))(end_p(""44 806 811)))))))(((value(Id pivot))(position((start_p(""45 812 816))(end_p(""45 812 821)))))()(FunctionDefinition((value(PTuple(((value(PVariable((value(Id x))(position((start_p(""45 812 823))(end_p(""45 812 824)))))))(position((start_p(""45 812 823))(end_p(""45 812 824)))))((value(PVariable((value(Id l))(position((start_p(""45 812 826))(end_p(""45 812 827)))))))(position((start_p(""45 812 826))(end_p(""45 812 827))))))))(position((start_p(""45 812 822))(end_p(""45 812 828)))))((value(Case((value(Variable((value(Id l))(position((start_p(""46 831 843))(end_p(""46 831 844)))))()))(position((start_p(""46 831 843))(end_p(""46 831 844)))))(((value(Branch((value(PTaggedValue((value(KId N))(position((start_p(""47 848 854))(end_p(""47 848 855)))))()()))(position((start_p(""47 848 854))(end_p(""47 848 855)))))((value(Tuple(((value(Tagged((value(KId N))(position((start_p(""48 859 866))(end_p(""48 859 867)))))()()))(position((start_p(""48 859 866))(end_p(""48 859 867)))))((value(Tagged((value(KId N))(position((start_p(""48 859 869))(end_p(""48 859 870)))))()()))(position((start_p(""48 859 869))(end_p(""48 859 870))))))))(position((start_p(""48 859 865))(end_p(""48 859 871)))))))(position((start_p(""47 848 854))(end_p(""48 859 871)))))((value(Branch((value(PTaggedValue((value(KId C))(position((start_p(""49 872 878))(end_p(""49 872 879)))))()(((value(PVariable((value(Id y))(position((start_p(""49 872 881))(end_p(""49 872 882)))))))(position((start_p(""49 872 881))(end_p(""49 872 882)))))((value(PVariable((value(Id ys))(position((start_p(""49 872 884))(end_p(""49 872 886)))))))(position((start_p(""49 872 884))(end_p(""49 872 886))))))))(position((start_p(""49 872 878))(end_p(""49 872 887)))))((value(Case((value(Apply((value(Variable((value(Id pivot))(position((start_p(""50 891 905))(end_p(""50 891 910)))))()))(position((start_p(""50 891 905))(end_p(""50 891 910)))))((value(Tuple(((value(Variable((value(Id x))(position((start_p(""50 891 912))(end_p(""50 891 913)))))()))(position((start_p(""50 891 912))(end_p(""50 891 913)))))((value(Variable((value(Id ys))(position((start_p(""50 891 915))(end_p(""50 891 917)))))()))(position((start_p(""50 891 915))(end_p(""50 891 917))))))))(position((start_p(""50 891 911))(end_p(""50 891 918)))))))(position((start_p(""50 891 905))(end_p(""50 891 918)))))(((value(Branch((value(PTuple(((value(PVariable((value(Id l1))(position((start_p(""51 922 931))(end_p(""51 922 933)))))))(position((start_p(""51 922 931))(end_p(""51 922 933)))))((value(PVariable((value(Id l2))(position((start_p(""51 922 935))(end_p(""51 922 937)))))))(position((start_p(""51 922 935))(end_p(""51 922 937))))))))(position((start_p(""51 922 930))(end_p(""51 922 938)))))((value(IfThenElse((value(Apply((value(Apply((value(Variable((value(Id `>?`))(position((start_p(""52 942 957))(end_p(""52 942 959)))))()))(position((start_p(""52 942 957))(end_p(""52 942 959)))))((value(Variable((value(Id y))(position((start_p(""52 942 955))(end_p(""52 942 956)))))()))(position((start_p(""52 942 955))(end_p(""52 942 956)))))))(position((start_p(""52 942 955))(end_p(""52 942 959)))))((value(Variable((value(Id x))(position((start_p(""52 942 960))(end_p(""52 942 961)))))()))(position((start_p(""52 942 960))(end_p(""52 942 961)))))))(position((start_p(""52 942 955))(end_p(""52 942 961)))))((value(Tuple(((value(Variable((value(Id l1))(position((start_p(""52 942 966))(end_p(""52 942 968)))))()))(position((start_p(""52 942 966))(end_p(""52 942 968)))))((value(Tagged((value(KId C))(position((start_p(""52 942 971))(end_p(""52 942 972)))))()(((value(Variable((value(Id y))(position((start_p(""52 942 974))(end_p(""52 942 975)))))()))(position((start_p(""52 942 974))(end_p(""52 942 975)))))((value(Variable((value(Id l2))(position((start_p(""52 942 977))(end_p(""52 942 979)))))()))(position((start_p(""52 942 977))(end_p(""52 942 979))))))))(position((start_p(""52 942 971))(end_p(""52 942 980))))))))(position((start_p(""52 942 965))(end_p(""52 942 981)))))((value(Tuple(((value(Tagged((value(KId C))(position((start_p(""52 942 992))(end_p(""52 942 993)))))()(((value(Variable((value(Id y))(position((start_p(""52 942 995))(end_p(""52 942 996)))))()))(position((start_p(""52 942 995))(end_p(""52 942 996)))))((value(Variable((value(Id l1))(position((start_p(""52 942 998))(end_p(""52 942 1000)))))()))(position((start_p(""52 942 998))(end_p(""52 942 1000))))))))(position((start_p(""52 942 992))(end_p(""52 942 1001)))))((value(Variable((value(Id l2))(position((start_p(""52 942 1003))(end_p(""52 942 1005)))))()))(position((start_p(""52 942 1003))(end_p(""52 942 1005))))))))(position((start_p(""52 942 991))(end_p(""52 942 1006)))))))(position((start_p(""52 942 951))(end_p(""52 942 1008)))))))(position((start_p(""51 922 930))(end_p(""52 942 1008))))))))(position((start_p(""50 891 897))(end_p(""53 1009 1016)))))))(position((start_p(""49 872 878))(end_p(""53 1009 1016))))))))(position((start_p(""46 831 835))(end_p(""54 1017 1022)))))))))))(position((start_p(""35 609 609))(end_p(""54 1017 1022)))))((value(DefineValue(RecFunctions((((value(Id print))(position((start_p(""56 1024 1028))(end_p(""56 1024 1033)))))()(FunctionDefinition((value(PVariable((value(Id l))(position((start_p(""56 1024 1035))(end_p(""56 1024 1036)))))))(position((start_p(""56 1024 1034))(end_p(""56 1024 1037)))))((value(Case((value(Variable((value(Id l))(position((start_p(""57 1040 1052))(end_p(""57 1040 1053)))))()))(position((start_p(""57 1040 1052))(end_p(""57 1040 1053)))))(((value(Branch((value(PTaggedValue((value(KId N))(position((start_p(""58 1057 1063))(end_p(""58 1057 1064)))))()()))(position((start_p(""58 1057 1063))(end_p(""58 1057 1064)))))((value(Apply((value(Variable((value(Id print_string))(position((start_p(""58 1057 1068))(end_p(""58 1057 1080)))))()))(position((start_p(""58 1057 1068))(end_p(""58 1057 1080)))))((value(Literal((value(LString"\n"))(position((start_p(""58 1057 1085))(end_p(""58 1057 1086)))))))(position((start_p(""58 1057 1081))(end_p(""58 1057 1087)))))))(position((start_p(""58 1057 1068))(end_p(""58 1057 1087)))))))(position((start_p(""58 1057 1063))(end_p(""58 1057 1087)))))((value(Branch((value(PTaggedValue((value(KId C))(position((start_p(""59 1088 1094))(end_p(""59 1088 1095)))))()(((value(PVariable((value(Id x))(position((start_p(""59 1088 1097))(end_p(""59 1088 1098)))))))(position((start_p(""59 1088 1097))(end_p(""59 1088 1098)))))((value(PVariable((value(Id xs))(position((start_p(""59 1088 1100))(end_p(""59 1088 1102)))))))(position((start_p(""59 1088 1100))(end_p(""59 1088 1102))))))))(position((start_p(""59 1088 1094))(end_p(""59 1088 1103)))))((value(Sequence(((value(Apply((value(Variable((value(Id print_int))(position((start_p(""59 1088 1107))(end_p(""59 1088 1116)))))()))(position((start_p(""59 1088 1107))(end_p(""59 1088 1116)))))((value(Variable((value(Id x))(position((start_p(""59 1088 1118))(end_p(""59 1088 1119)))))()))(position((start_p(""59 1088 1117))(end_p(""59 1088 1120)))))))(position((start_p(""59 1088 1107))(end_p(""59 1088 1120)))))((value(Sequence(((value(Apply((value(Variable((value(Id print_string))(position((start_p(""59 1088 1122))(end_p(""59 1088 1134)))))()))(position((start_p(""59 1088 1122))(end_p(""59 1088 1134)))))((value(Literal((value(LString" "))(position((start_p(""59 1088 1138))(end_p(""59 1088 1139)))))))(position((start_p(""59 1088 1135))(end_p(""59 1088 1140)))))))(position((start_p(""59 1088 1122))(end_p(""59 1088 1140)))))((value(Apply((value(Variable((value(Id print))(position((start_p(""59 1088 1142))(end_p(""59 1088 1147)))))()))(position((start_p(""59 1088 1142))(end_p(""59 1088 1147)))))((value(Variable((value(Id xs))(position((start_p(""59 1088 1149))(end_p(""59 1088 1151)))))()))(position((start_p(""59 1088 1148))(end_p(""59 1088 1152)))))))(position((start_p(""59 1088 1142))(end_p(""59 1088 1152))))))))(position((start_p(""59 1088 1122))(end_p(""59 1088 1152))))))))(position((start_p(""59 1088 1107))(end_p(""59 1088 1152)))))))(position((start_p(""59 1088 1094))(end_p(""59 1088 1152))))))))(position((start_p(""57 1040 1044))(end_p(""60 1153 1158)))))))))))(position((start_p(""56 1024 1024))(end_p(""60 1153 1158)))))((value(DefineValue(RecFunctions((((value(Id show))(position((start_p(""62 1160 1164))(end_p(""62 1160 1168)))))()(FunctionDefinition((value(PVariable((value(Id l))(position((start_p(""62 1160 1170))(end_p(""62 1160 1171)))))))(position((start_p(""62 1160 1169))(end_p(""62 1160 1172)))))((value(Sequence(((value(Apply((value(Variable((value(Id print))(position((start_p(""63 1175 1179))(end_p(""63 1175 1184)))))()))(position((start_p(""63 1175 1179))(end_p(""63 1175 1184)))))((value(Variable((value(Id l))(position((start_p(""63 1175 1186))(end_p(""63 1175 1187)))))()))(position((start_p(""63 1175 1185))(end_p(""63 1175 1188)))))))(position((start_p(""63 1175 1179))(end_p(""63 1175 1188)))))((value(Variable((value(Id l))(position((start_p(""64 1190 1194))(end_p(""64 1190 1195)))))()))(position((start_p(""64 1190 1194))(end_p(""64 1190 1195))))))))(position((start_p(""63 1175 1179))(end_p(""64 1190 1195)))))))))))(position((start_p(""62 1160 1160))(end_p(""64 1190 1195)))))((value(DefineValue(SimpleValue(((value(Id r))(position((start_p(""66 1197 1201))(end_p(""66 1197 1202)))))()((value(Apply((value(Apply((value(Variable((value(Id `&&`))(position((start_p(""69 1252 1273))(end_p(""69 1252 1275)))))()))(position((start_p(""69 1252 1273))(end_p(""69 1252 1275)))))((value(Apply((value(Apply((value(Variable((value(Id `&&`))(position((start_p(""68 1228 1249))(end_p(""68 1228 1251)))))()))(position((start_p(""68 1228 1249))(end_p(""68 1228 1251)))))((value(Apply((value(Apply((value(Variable((value(Id `&&`))(position((start_p(""67 1205 1225))(end_p(""67 1205 1227)))))()))(position((start_p(""67 1205 1225))(end_p(""67 1205 1227)))))((value(Apply((value(Variable((value(Id sorted))(position((start_p(""67 1205 1207))(end_p(""67 1205 1213)))))()))(position((start_p(""67 1205 1207))(end_p(""67 1205 1213)))))((value(Apply((value(Variable((value(Id sort))(position((start_p(""67 1205 1215))(end_p(""67 1205 1219)))))()))(position((start_p(""67 1205 1215))(end_p(""67 1205 1219)))))((value(Variable((value(Id l))(position((start_p(""67 1205 1221))(end_p(""67 1205 1222)))))()))(position((start_p(""67 1205 1220))(end_p(""67 1205 1223)))))))(position((start_p(""67 1205 1214))(end_p(""67 1205 1224)))))))(position((start_p(""67 1205 1207))(end_p(""67 1205 1224)))))))(position((start_p(""67 1205 1207))(end_p(""67 1205 1227)))))((value(Apply((value(Variable((value(Id sorted))(position((start_p(""68 1228 1230))(end_p(""68 1228 1236)))))()))(position((start_p(""68 1228 1230))(end_p(""68 1228 1236)))))((value(Apply((value(Variable((value(Id sort))(position((start_p(""68 1228 1238))(end_p(""68 1228 1242)))))()))(position((start_p(""68 1228 1238))(end_p(""68 1228 1242)))))((value(Variable((value(Id l2))(position((start_p(""68 1228 1244))(end_p(""68 1228 1246)))))()))(position((start_p(""68 1228 1243))(end_p(""68 1228 1247)))))))(position((start_p(""68 1228 1237))(end_p(""68 1228 1248)))))))(position((start_p(""68 1228 1230))(end_p(""68 1228 1248)))))))(position((start_p(""67 1205 1207))(end_p(""68 1228 1248)))))))(position((start_p(""67 1205 1207))(end_p(""68 1228 1251)))))((value(Apply((value(Variable((value(Id sorted))(position((start_p(""69 1252 1254))(end_p(""69 1252 1260)))))()))(position((start_p(""69 1252 1254))(end_p(""69 1252 1260)))))((value(Apply((value(Variable((value(Id sort))(position((start_p(""69 1252 1262))(end_p(""69 1252 1266)))))()))(position((start_p(""69 1252 1262))(end_p(""69 1252 1266)))))((value(Variable((value(Id l3))(position((start_p(""69 1252 1268))(end_p(""69 1252 1270)))))()))(position((start_p(""69 1252 1267))(end_p(""69 1252 1271)))))))(position((start_p(""69 1252 1261))(end_p(""69 1252 1272)))))))(position((start_p(""69 1252 1254))(end_p(""69 1252 1272)))))))(position((start_p(""67 1205 1207))(end_p(""69 1252 1272)))))))(position((start_p(""67 1205 1207))(end_p(""69 1252 1275)))))((value(Apply((value(Variable((value(Id sorted))(position((start_p(""70 1276 1278))(end_p(""70 1276 1284)))))()))(position((start_p(""70 1276 1278))(end_p(""70 1276 1284)))))((value(Apply((value(Variable((value(Id sort))(position((start_p(""70 1276 1286))(end_p(""70 1276 1290)))))()))(position((start_p(""70 1276 1286))(end_p(""70 1276 1290)))))((value(Variable((value(Id l4))(position((start_p(""70 1276 1292))(end_p(""70 1276 1294)))))()))(position((start_p(""70 1276 1291))(end_p(""70 1276 1295)))))))(position((start_p(""70 1276 1285))(end_p(""70 1276 1296)))))))(position((start_p(""70 1276 1278))(end_p(""70 1276 1296)))))))(position((start_p(""67 1205 1207))(end_p(""70 1276 1296)))))))))(position((start_p(""66 1197 1197))(end_p(""70 1276 1296)))))((value(DefineValue(SimpleValue(((value(Id test))(position((start_p(""72 1298 1302))(end_p(""72 1298 1306)))))()((value(Sequence(((value(Apply((value(Variable((value(Id print_string))(position((start_p(""73 1309 1311))(end_p(""73 1309 1323)))))()))(position((start_p(""73 1309 1311))(end_p(""73 1309 1323)))))((value(Literal((value(LString"This test is "))(position((start_p(""73 1309 1339))(end_p(""73 1309 1340)))))))(position((start_p(""73 1309 1324))(end_p(""73 1309 1341)))))))(position((start_p(""73 1309 1311))(end_p(""73 1309 1341)))))((value(Apply((value(Variable((value(Id print_string))(position((start_p(""74 1343 1345))(end_p(""74 1343 1357)))))()))(position((start_p(""74 1343 1345))(end_p(""74 1343 1357)))))((value(IfThenElse((value(Variable((value(Id r))(position((start_p(""74 1343 1363))(end_p(""74 1343 1364)))))()))(position((start_p(""74 1343 1363))(end_p(""74 1343 1364)))))((value(Literal((value(LString"OK!\n"))(position((start_p(""74 1343 1374))(end_p(""74 1343 1375)))))))(position((start_p(""74 1343 1374))(end_p(""74 1343 1375)))))((value(Literal((value(LString"KO!\n"))(position((start_p(""74 1343 1391))(end_p(""74 1343 1392)))))))(position((start_p(""74 1343 1391))(end_p(""74 1343 1392)))))))(position((start_p(""74 1343 1358))(end_p(""74 1343 1395)))))))(position((start_p(""74 1343 1345))(end_p(""74 1343 1395))))))))(position((start_p(""73 1309 1311))(end_p(""74 1343 1395)))))))))(position((start_p(""72 1298 1298))(end_p(""74 1343 1395))))))
