Line 1, characters 23-23: Error (parsing)
  Syntax error.
