Line 1, characters 71-71: Error (during lexing)
  Unterminated string.
