Line 1, characters 18-21: Error (parsing)
  Syntax error.
