Line 1, characters 0-3: Error (parsing)
  Syntax error.
