Line 1, characters 60-61: Error (parsing)
  Syntax error.
