Line 3, characters 19-20: Error (parsing)
  Syntax error.
