(((value(DefineValue(SimpleValue(((value(Id r1))(position((start_p(""1 0 4))(end_p(""1 0 6)))))()((value(Ref((value(Ref((value(Literal((value(LString KO))(position((start_p(""1 0 21))(end_p(""1 0 22)))))))(position((start_p(""1 0 21))(end_p(""1 0 22)))))))(position((start_p(""1 0 13))(end_p(""1 0 23)))))))(position((start_p(""1 0 9))(end_p(""1 0 23)))))))))(position((start_p(""1 0 0))(end_p(""1 0 23)))))((value(DefineValue(SimpleValue(((value(Id r2))(position((start_p(""2 24 28))(end_p(""2 24 30)))))()((value(Ref((value(Literal((value(LString KO))(position((start_p(""2 24 40))(end_p(""2 24 41)))))))(position((start_p(""2 24 40))(end_p(""2 24 41)))))))(position((start_p(""2 24 33))(end_p(""2 24 41)))))))))(position((start_p(""2 24 24))(end_p(""2 24 41)))))((value(DefineValue(SimpleValue(((value(Id test))(position((start_p(""3 42 46))(end_p(""3 42 50)))))()((value(Sequence(((value(Assign((value(Variable((value(Id r1))(position((start_p(""4 53 57))(end_p(""4 53 59)))))()))(position((start_p(""4 53 57))(end_p(""4 53 59)))))((value(Variable((value(Id r2))(position((start_p(""4 53 63))(end_p(""4 53 65)))))()))(position((start_p(""4 53 63))(end_p(""4 53 65)))))))(position((start_p(""4 53 57))(end_p(""4 53 65)))))((value(Sequence(((value(Assign((value(Variable((value(Id r2))(position((start_p(""5 67 71))(end_p(""5 67 73)))))()))(position((start_p(""5 67 71))(end_p(""5 67 73)))))((value(Literal((value(LString OK))(position((start_p(""5 67 80))(end_p(""5 67 81)))))))(position((start_p(""5 67 80))(end_p(""5 67 81)))))))(position((start_p(""5 67 71))(end_p(""5 67 81)))))((value(Sequence(((value(Apply((value(Variable((value(Id print_string))(position((start_p(""6 83 87))(end_p(""6 83 99)))))()))(position((start_p(""6 83 87))(end_p(""6 83 99)))))((value(Literal((value(LString"This test is "))(position((start_p(""6 83 115))(end_p(""6 83 116)))))))(position((start_p(""6 83 100))(end_p(""6 83 117)))))))(position((start_p(""6 83 87))(end_p(""6 83 117)))))((value(Sequence(((value(Apply((value(Variable((value(Id print_string))(position((start_p(""7 119 123))(end_p(""7 119 135)))))()))(position((start_p(""7 119 123))(end_p(""7 119 135)))))((value(Read((value(Read((value(Variable((value(Id r1))(position((start_p(""7 119 139))(end_p(""7 119 141)))))()))(position((start_p(""7 119 139))(end_p(""7 119 141)))))))(position((start_p(""7 119 138))(end_p(""7 119 141)))))))(position((start_p(""7 119 136))(end_p(""7 119 142)))))))(position((start_p(""7 119 123))(end_p(""7 119 142)))))((value(Apply((value(Variable((value(Id print_string))(position((start_p(""8 144 148))(end_p(""8 144 160)))))()))(position((start_p(""8 144 148))(end_p(""8 144 160)))))((value(Literal((value(LString".\n"))(position((start_p(""8 144 166))(end_p(""8 144 167)))))))(position((start_p(""8 144 161))(end_p(""8 144 168)))))))(position((start_p(""8 144 148))(end_p(""8 144 168))))))))(position((start_p(""7 119 123))(end_p(""8 144 168))))))))(position((start_p(""6 83 87))(end_p(""8 144 168))))))))(position((start_p(""5 67 71))(end_p(""8 144 168))))))))(position((start_p(""4 53 57))(end_p(""8 144 168)))))))))(position((start_p(""3 42 42))(end_p(""8 144 168))))))
