(((value(DefineType((value(TCon p))(position((start_p(""1 0 5))(end_p(""1 0 6)))))(((value(TId `a))(position((start_p(""1 0 8))(end_p(""1 0 10))))))(DefineRecordType((((value(LId x))(position((start_p(""1 0 16))(end_p(""1 0 17)))))((value(TyVar(TId `a)))(position((start_p(""1 0 20))(end_p(""1 0 22))))))(((value(LId y))(position((start_p(""1 0 24))(end_p(""1 0 25)))))((value(TyCon(TCon string)()))(position((start_p(""1 0 28))(end_p(""1 0 34))))))))))(position((start_p(""1 0 0))(end_p(""1 0 36)))))((value(DefineValue(SimpleValue(((value(Id x))(position((start_p(""3 38 42))(end_p(""3 38 43)))))(((value(ForallTy()((value(TyCon(TCon p)(((value(TyCon(TCon int)()))(position((start_p(""3 38 49))(end_p(""3 38 52))))))))(position((start_p(""3 38 46))(end_p(""3 38 53)))))))(position((start_p(""3 38 45))(end_p(""3 38 53))))))((value(Record((((value(LId x))(position((start_p(""3 38 58))(end_p(""3 38 59)))))((value(Literal((value(LInt 0))(position((start_p(""3 38 62))(end_p(""3 38 63)))))))(position((start_p(""3 38 62))(end_p(""3 38 63))))))(((value(LId y))(position((start_p(""3 38 65))(end_p(""3 38 66)))))((value(Literal((value(LInt 1))(position((start_p(""3 38 69))(end_p(""3 38 70)))))))(position((start_p(""3 38 69))(end_p(""3 38 70)))))))((((value(TyCon(TCon int)()))(position((start_p(""3 38 73))(end_p(""3 38 76)))))))))(position((start_p(""3 38 56))(end_p(""3 38 77)))))))))(position((start_p(""3 38 38))(end_p(""3 38 77))))))
