(((value
    (DefineType
      ((value (TCon p)) (position ((start_p ("" 1 0 5)) (end_p ("" 1 0 6)))))
      (((value (TId `a))
         (position ((start_p ("" 1 0 8)) (end_p ("" 1 0 10))))))
      (DefineRecordType
        ((((value (LId x))
            (position ((start_p ("" 1 0 16)) (end_p ("" 1 0 17)))))
           ((value (TyVar (TId `a)))
             (position ((start_p ("" 1 0 20)) (end_p ("" 1 0 22))))))
          (((value (LId y))
             (position ((start_p ("" 1 0 24)) (end_p ("" 1 0 25)))))
            ((value (TyVar (TId `a)))
              (position ((start_p ("" 1 0 28)) (end_p ("" 1 0 30))))))))))
   (position ((start_p ("" 1 0 0)) (end_p ("" 1 0 32)))))
  ((value
     (DefineValue
       (SimpleValue
         (((value (Id x))
            (position ((start_p ("" 3 34 38)) (end_p ("" 3 34 39)))))
           (((value
               (ForallTy ()
                 ((value
                    (TyCon (TCon p)
                      (((value (TyCon (TCon int) ()))
                         (position
                           ((start_p ("" 3 34 45)) (end_p ("" 3 34 48))))))))
                   (position ((start_p ("" 3 34 42)) (end_p ("" 3 34 49)))))))
              (position ((start_p ("" 3 34 41)) (end_p ("" 3 34 49))))))
           ((value
              (Record
                ((((value (LId x))
                    (position ((start_p ("" 3 34 54)) (end_p ("" 3 34 55)))))
                   ((value
                      (Literal
                        ((value (LInt 0))
                          (position
                            ((start_p ("" 3 34 58)) (end_p ("" 3 34 59)))))))
                     (position ((start_p ("" 3 34 58)) (end_p ("" 3 34 59))))))
                  (((value (LId y))
                     (position ((start_p ("" 3 34 61)) (end_p ("" 3 34 62)))))
                    ((value
                       (Literal
                         ((value (LInt 1))
                           (position
                             ((start_p ("" 3 34 65)) (end_p ("" 3 34 66)))))))
                      (position
                        ((start_p ("" 3 34 65)) (end_p ("" 3 34 66)))))))
                ((((value (TyCon (TCon int) ()))
                    (position ((start_p ("" 3 34 69)) (end_p ("" 3 34 72)))))))))
             (position ((start_p ("" 3 34 52)) (end_p ("" 3 34 73)))))))))
    (position ((start_p ("" 3 34 34)) (end_p ("" 3 34 73))))))
