(((value
    (DefineType
      ((value (TCon t)) (position ((start_p ("" 1 0 5)) (end_p ("" 1 0 6)))))
      ()
      (DefineSumType
        ((((value (KId T))
            (position ((start_p ("" 1 0 9)) (end_p ("" 1 0 10)))))
           ())))))
   (position ((start_p ("" 1 0 0)) (end_p ("" 1 0 10)))))
  ((value
     (DefineValue
       (SimpleValue
         (((value (Id t))
            (position ((start_p ("" 3 12 16)) (end_p ("" 3 12 17)))))
           (((value
               (ForallTy ()
                 ((value (TyCon (TCon t) ()))
                   (position ((start_p ("" 3 12 20)) (end_p ("" 3 12 21)))))))
              (position ((start_p ("" 3 12 19)) (end_p ("" 3 12 21))))))
           ((value
              (Case
                ((value
                   (Tagged
                     ((value (KId T))
                       (position
                         ((start_p ("" 3 12 32)) (end_p ("" 3 12 33)))))
                     (()) ()))
                  (position ((start_p ("" 3 12 32)) (end_p ("" 3 12 35)))))
                (((value
                    (Branch
                      ((value
                         (PTaggedValue
                           ((value (KId T))
                             (position
                               ((start_p ("" 3 12 39)) (end_p ("" 3 12 40)))))
                           (()) ()))
                        (position
                          ((start_p ("" 3 12 39)) (end_p ("" 3 12 42)))))
                      ((value
                         (Tagged
                           ((value (KId T))
                             (position
                               ((start_p ("" 3 12 46)) (end_p ("" 3 12 47)))))
                           (()) ()))
                        (position
                          ((start_p ("" 3 12 46)) (end_p ("" 3 12 49)))))))
                   (position ((start_p ("" 3 12 39)) (end_p ("" 3 12 49))))))))
             (position ((start_p ("" 3 12 24)) (end_p ("" 3 12 51)))))))))
    (position ((start_p ("" 3 12 12)) (end_p ("" 3 12 51))))))
