Line 2, characters 8-9: Error (parsing)
  Syntax error.
