Line 2, characters 4-6: Error (parsing)
  Syntax error.
