Line 1, characters 11-12: Error (parsing)
  Syntax error.
