Line 1, characters 25-26: Error (parsing)
  Syntax error.
