Line 1, characters 31-31: Error (parsing)
  Syntax error.
