Line 1, characters 15-16: Error (parsing)
  Syntax error.
