Line 1, characters 21-21: Error (parsing)
  Syntax error.
