Line 1, characters 14-15: Error (parsing)
  Syntax error.
