Line 2, characters 9-10: Error (parsing)
  Syntax error.
