Line 4, characters 4-8: Error (parsing)
  Syntax error.
